// Jest Snapshot v1, https://goo.gl/fbAQLP

exports[`Throw an error if this method is not called within a <Router /> context. 1`] = `"useReactRouter may only be called within a <Router /> context."`;
